Web1:

1. Button Search lỗiÉ

2. 